// Vitest Snapshot v1, https://vitest.dev/guide/snapshot.html

exports[`ChatHeaderLoading.vue > to match snapshot 1`] = `
"<div data-v-c276062e="" class="chat-header-loading">
  <header data-v-c276062e=""><span data-v-c276062e=""><span class="unnnic-skeleton" style="--skeleton-bg: #E0E0E0; --skeleton-highlight: #F5F5F5; --skeleton-duration: 2s;"> ‌ </span></span><span data-v-c276062e=""><span class="unnnic-skeleton" style="--skeleton-bg: #E0E0E0; --skeleton-highlight: #F5F5F5; --skeleton-duration: 2s;"> ‌ </span></span></header>
</div>"
`;
