// Vitest Snapshot v1, https://vitest.dev/guide/snapshot.html

exports[`ChatMessagesLoading.vue > to match snapshot 1`] = `
"<main data-v-e8870554="" class="chat-messages-loading">
  <div data-v-e8870554="" class="chat-messages-loading__messages"><span data-v-e8870554=""><span class="unnnic-skeleton" style="--skeleton-bg: #E0E0E0; --skeleton-highlight: #F5F5F5; --skeleton-duration: 2s; width: 80px; height: 23px;"> ‌ </span></span>
    <div data-v-e8870554="" class="message"><span data-v-e8870554=""><span class="unnnic-skeleton" style="--skeleton-bg: #E0E0E0; --skeleton-highlight: #F5F5F5; --skeleton-duration: 2s;"> ‌ </span></span></div>
    <div data-v-e8870554="" class="message"><span data-v-e8870554=""><span class="unnnic-skeleton" style="--skeleton-bg: #E0E0E0; --skeleton-highlight: #F5F5F5; --skeleton-duration: 2s;"> ‌ </span></span></div>
    <div data-v-e8870554="" class="message"><span data-v-e8870554=""><span class="unnnic-skeleton" style="--skeleton-bg: #E0E0E0; --skeleton-highlight: #F5F5F5; --skeleton-duration: 2s;"> ‌ </span></span></div>
    <div data-v-e8870554="" class="message"><span data-v-e8870554=""><span class="unnnic-skeleton" style="--skeleton-bg: #E0E0E0; --skeleton-highlight: #F5F5F5; --skeleton-duration: 2s;"> ‌ </span></span></div>
  </div>
</main>"
`;
