// Vitest Snapshot v1, https://vitest.dev/guide/snapshot.html

exports[`MessageManagerLoading.vue > to match snapshot 1`] = `"<div data-v-63c78ce3="" class="message-manager-loading"><span data-v-63c78ce3=""><span class="unnnic-skeleton" style="--skeleton-bg: #E0E0E0; --skeleton-highlight: #F5F5F5; --skeleton-duration: 2s;"> ‌ </span></span><span data-v-63c78ce3=""><span class="unnnic-skeleton" style="--skeleton-bg: #E0E0E0; --skeleton-highlight: #F5F5F5; --skeleton-duration: 2s;"> ‌ </span></span><span data-v-63c78ce3=""><span class="unnnic-skeleton" style="--skeleton-bg: #E0E0E0; --skeleton-highlight: #F5F5F5; --skeleton-duration: 2s;"> ‌ </span></span></div>"`;
