// Vitest Snapshot v1, https://vitest.dev/guide/snapshot.html

exports[`SectorExtraOptions > Should match the snapshot 1`] = `
"<section data-v-85728205="" class="sector-extra-options-form">
  <section data-v-85728205="" class="switchs">
    <h2 data-v-85728205="" class="switchs__title" data-testid="switchs-title">Extras options</h2>
    <unnnic-switch-stub data-v-85728205="" size="medium" label="" labeltooltip="" labelusehtmltooltip="false" option="" helper="" textleft="" textright="Triggering message templates disabled" disabled="false" modelvalue="false" usevmodel="false" class="margin-y-space-1" data-testid="config-switch"></unnnic-switch-stub>
    <section data-v-85728205="" class="switchs__container">
      <unnnic-switch-stub data-v-85728205="" size="medium" label="" labeltooltip="" labelusehtmltooltip="false" option="" helper="" textleft="" textright="Disabled signature" disabled="false" modelvalue="false" usevmodel="false" class="margin-y-space-1" data-testid="config-switch"></unnnic-switch-stub>
      <div data-v-8c61d974="" data-v-85728205="" class="unnnic-tooltip"><span data-v-10e3a145="" data-v-85728205="" class="unnnic-icon material-symbols-rounded unnnic-icon-scheme--neutral-soft unnnic-icon-size--sm unnnic-icon__size--sm" data-testid="material-icon" translate="no">info</span><span data-v-8c61d974="" class="unnnic-tooltip-label unnnic-tooltip-label-right" style="max-width: 15rem; left: 8px; top: 0px;" data-testid="tooltip-label">Each message exchanged will have the name of the agent who is answering <br data-v-8c61d974=""><!----></span></div>
    </section>
    <unnnic-switch-stub data-v-85728205="" size="medium" label="" labeltooltip="" labelusehtmltooltip="false" option="" helper="" textleft="" textright="Allow agents to edit Custom Fields" disabled="false" modelvalue="false" usevmodel="false" class="margin-y-space-1" data-testid="config-switch"></unnnic-switch-stub>
    <!--v-if-->
  </section>
  <section data-v-85728205="" class="tags">
    <h2 data-v-85728205="" class="tags__title" data-testid="tags-title">Add tags <div data-v-8c61d974="" data-v-85728205="" class="unnnic-tooltip"><span data-v-10e3a145="" data-v-85728205="" class="unnnic-icon material-symbols-rounded unnnic-icon-scheme--neutral-soft unnnic-icon-size--sm unnnic-icon__size--sm" data-testid="material-icon" translate="no">info</span><span data-v-8c61d974="" class="unnnic-tooltip-label unnnic-tooltip-label-right" style="max-width: 23rem; left: 8px; top: 0px;" data-testid="tooltip-label">Tags are used to classify service characteristics and make it possible to search and filter chats from them, define tags that are relevant to your context <br data-v-8c61d974=""><!----></span></div>
    </h2>
    <section data-v-85728205="" class="tags-form">
      <div data-v-1bfe622c="" data-v-85728205="" class="unnnic-input size-md tags-form__input" data-testid="tags-input-tag-name"><span data-v-1bfe622c="" class="label unnnic-font secondary color-neutral-cloudy body-gt">Tag name</span>
        <div data-v-1bfe622c="" class="input-container">
          <!----><input data-v-1bfe622c="" class="unnnic-font secondary" type="text" placeholder="Example: Doubts" maxlength="120" value="">
          <!---->
          <!---->
        </div>
        <!---->
      </div><button data-v-aadba593="" data-v-85728205="" data-testid="tags-add-tag-button" disabled="" class="unnnic-button unnnic-button--size-large unnnic-button--secondary">
        <!---->
        <!---->
        <!----><span data-v-aadba593="" class="unnnic-button__label" style="visibility: visible;" data-testid="button-label"> Add</span>
        <!---->
      </button>
    </section>
    <!--v-if-->
    <section data-v-85728205="" class="switchs__container required-tags">
      <unnnic-switch-stub data-v-85728205="" size="small" label="" labeltooltip="" labelusehtmltooltip="false" option="" helper="" textleft="" textright="Require tags at the end of supports disabled" disabled="true" modelvalue="false" usevmodel="false" class="margin-y-space-1" data-testid="config-switch"></unnnic-switch-stub>
      <div data-v-8c61d974="" data-v-85728205="" class="unnnic-tooltip"><span data-v-10e3a145="" data-v-85728205="" class="unnnic-icon material-symbols-rounded unnnic-icon-scheme--neutral-soft unnnic-icon-size--sm unnnic-icon__size--sm" data-testid="material-icon" translate="no">info</span><span data-v-8c61d974="" class="unnnic-tooltip-label unnnic-tooltip-label-right" style="max-width: 15rem; left: 8px; top: 0px;" data-testid="tooltip-label">Add at least one tag to activate <br data-v-8c61d974=""><!----></span></div>
    </section>
  </section>
  <section data-v-85728205="" class="form-actions" style="display: none;"><button data-v-aadba593="" data-v-85728205="" data-testid="cancel-button" class="unnnic-button unnnic-button--size-large unnnic-button--tertiary">
      <!---->
      <!---->
      <!----><span data-v-aadba593="" class="unnnic-button__label" style="visibility: visible;" data-testid="button-label"> Cancel</span>
      <!---->
    </button><button data-v-aadba593="" data-v-85728205="" class="unnnic-button unnnic-button--size-large unnnic-button--primary">
      <!---->
      <!---->
      <!----><span data-v-aadba593="" class="unnnic-button__label" style="visibility: visible;" data-testid="button-label"> Save</span>
      <!---->
    </button></section>
</section>"
`;
