// Vitest Snapshot v1, https://vitest.dev/guide/snapshot.html

exports[`SettingsHeader.vue > should match the snapshot 1`] = `
<header
  class="settings-view__header"
  data-v-a59c663f=""
>
  <h1
    class="header__title"
    data-testid="settings-view-header-title"
    data-v-a59c663f=""
  >
    Human Support Settings
  </h1>
  <button
    class="unnnic-button unnnic-button--size-large unnnic-button--primary"
    data-testid="settings-save-button"
    data-v-a59c663f=""
    data-v-aadba593=""
    disabled=""
  >
    <!---->
    <!---->
    <!---->
    <span
      class="unnnic-button__label"
      data-testid="button-label"
      data-v-aadba593=""
      style="visibility: visible;"
    >
      
      
       Save changes
    </span>
    <!---->
  </button>
</header>
`;
