// Vitest Snapshot v1, https://vitest.dev/guide/snapshot.html

exports[`SettingsHeader.vue > should match the snapshot 1`] = `
<div
  data-v-app=""
>
  
  <header
    class="settings-view__section-header"
    data-testid="settings-sectors-header"
    data-v-1088b44f=""
    data-v-f23b63f9=""
  >
    <p
      class="section-header__title"
      data-testid="section-header-title"
      data-v-f23b63f9=""
    >
      Sectors in Project 1
    </p>
    <p
      class="section-header__subtitle"
      data-testid="section-header-subtitle"
      data-v-f23b63f9=""
    >
      Add, view and manage sectors, queues, managers and agents within your organization.
    </p>
  </header>
  <section
    class="settings-view__sectors"
    data-v-1088b44f=""
  >
    <unnnic-card-stub
      buttonaction="[Function]"
      class="sectors__new-sector-card"
      clickable="false"
      data-testid="settings-sectors-blank-card"
      data-v-1088b44f=""
      enabled="true"
      hasinformationicon="true"
      icon="add"
      infoposition="right"
      invertedpercentage="false"
      percent="0"
      rating="0"
      scheme="aux-blue"
      text="New sector"
      type="blank"
    />
    
    <section
      class="unnnic-simple-card unnnic-simple-card--clickable sectors__card"
      data-testid="settings-sectors-sector-card"
      data-v-1088b44f=""
      data-v-795e3941=""
    >
      <section
        class="unnnic-simple-card__header"
        data-v-795e3941=""
      >
        <section
          class="unnnic-simple-card-header-container"
          data-v-795e3941=""
        >
          <h1
            class="unnnic-simple-card-header-container__title"
            data-v-795e3941=""
          >
            Sector 1
          </h1>
          <!---->
        </section>
        <section
          class="unnnic-simple-card__header-slot"
          data-v-795e3941=""
        >
          
          <div
            class="unnnic-dropdown"
            data-v-1088b44f=""
            data-v-5ab1e453=""
          >
            <div
              class="unnnic-dropdown__trigger"
              data-v-5ab1e453=""
            >
              
              <div
                class="unnnic-tooltip"
                data-v-011692bb=""
                data-v-1088b44f=""
              >
                
                <button
                  class="unnnic-button unnnic-button--size-large unnnic-button--tertiary unnnic-button--icon-on-center"
                  data-testid="open-dropdown-menu-button"
                  data-v-1088b44f=""
                  data-v-27a31b8d=""
                >
                  <!---->
                  <!---->
                  <span
                    class="material-symbols-rounded unnnic-icon-scheme--neutral-dark unnnic-icon-size--md"
                    data-testid="icon-center"
                    data-v-27a31b8d=""
                    data-v-76ceda5d=""
                    translate="no"
                  >
                    more_vert
                  </span>
                  <span
                    class="unnnic-button__label"
                    data-testid="button-label"
                    data-v-27a31b8d=""
                  >
                    
                    
                     
                  </span>
                  <!---->
                </button>
                
                <span
                  class="unnnic-tooltip-label unnnic-tooltip-label-left"
                  data-testid="tooltip-label"
                  data-v-011692bb=""
                  style="left: -8px; top: 0px;"
                >
                  
                  
                  Delete or edit 
                  <br
                    data-v-011692bb=""
                  />
                  
                  
                  <!---->
                </span>
              </div>
              
              <!---->
            </div>
          </div>
          
        </section>
      </section>
      <!---->
      <!---->
    </section>
    
  </section>
  <section
    class="settings-view__loading-sectors"
    data-testid="settings-sectors-loading-section"
    data-v-1088b44f=""
  >
    <img
      data-v-1088b44f=""
      src="/src/assets/LogoWeniAnimada4.svg"
      width="40"
    />
  </section>
  <!--v-if-->
  <!--v-if-->
  
</div>
`;
