// Vitest Snapshot v1, https://vitest.dev/guide/snapshot.html

exports[`SettingView.vue > should match the snapshot 1`] = `
<section
  class="settings-view"
  data-testid="settings-view"
  data-v-002f92b9=""
>
  <header
    class="settings-view__header"
    data-v-002f92b9=""
    data-v-a59c663f=""
  >
    <div
      class="unnnic-avatar-icon weni-600 sm"
      data-testid="settings-view-header-icon"
      data-v-a59c663f=""
      data-v-d0742329=""
    >
      <span
        class="unnnic-icon material-symbols-rounded unnnic-icon-scheme--weni-600 unnnic-icon-size--md unnnic-icon__size--md"
        data-testid="material-icon"
        data-v-69390f82=""
        data-v-d0742329=""
        translate="no"
      >
        settings
      </span>
    </div>
    <h1
      class="header__title"
      data-testid="settings-view-header-title"
      data-v-a59c663f=""
    >
      Chat Settings
    </h1>
  </header>
  
  <!--v-if-->
  
  <header
    class="settings-view__section-header"
    data-testid="settings-sectors-header"
    data-v-1088b44f=""
    data-v-f23b63f9=""
  >
    <p
      class="section-header__title"
      data-testid="section-header-title"
      data-v-f23b63f9=""
    >
      Sectors in 
    </p>
    <p
      class="section-header__subtitle"
      data-testid="section-header-subtitle"
      data-v-f23b63f9=""
    >
      Add, view and manage sectors, queues, managers and agents within your organization.
    </p>
  </header>
  <section
    class="settings-sectors__filters"
    data-v-1088b44f=""
  >
    <section
      class="unnnic-form-element unnnic-form md settings-sectors__filters__name"
      data-testid="form-element"
      data-v-1088b44f=""
      data-v-25ad98eb=""
      data-v-43b980c4=""
    >
      <!---->
      
      <div
        class="text-input size--md settings-sectors__filters__name unnnic-form-input"
        data-v-1a46ed8b=""
        data-v-25ad98eb=""
        hascloudycolor="false"
        mask=""
      >
        <input
          class="settings-sectors__filters__name unnnic-form-input input-itself input size-md normal input--has-icon-left settings-sectors__filters__name unnnic-form-input input-itself"
          data-v-1a46ed8b=""
          data-v-21958693=""
          hascloudycolor="false"
          iconleft="search-1"
          iconleftclickable="false"
          iconright=""
          iconrightclickable="false"
          placeholder="Search"
          showclear="false"
          type="text"
          value=""
        />
        <span
          class="unnnic-icon material-symbols-rounded unnnic-icon-scheme--fg-base unnnic-icon-size--ant unnnic-icon__size--ant icon-left"
          data-testid="material-icon"
          data-v-1a46ed8b=""
          data-v-69390f82=""
          translate="no"
        >
          search
        </span>
        <section
          class="icon-right-container"
          data-v-1a46ed8b=""
        >
          <!---->
          <!---->
        </section>
      </div>
      
      <!---->
    </section>
    <div
      class="order"
      data-v-1088b44f=""
      data-v-348024a5=""
    >
      <p
        class="label"
        data-v-348024a5=""
      >
        Order by: 
      </p>
      <section
        class="ordinators"
        data-v-348024a5=""
      >
        
        <section
          class="unnnic-radio"
          data-v-348024a5=""
          data-v-9f51b54f=""
          size="md"
        >
          <label
            class="unnnic-radio__input-wrapper"
            data-v-9f51b54f=""
          >
            <input
              checked=""
              class="unnnic-radio__input"
              data-v-9f51b54f=""
              name=""
              type="radio"
            />
            <p
              class="unnnic-radio__label"
              data-v-9f51b54f=""
            >
               
              
              Alphabetical
              
            </p>
            <!---->
          </label>
        </section>
        <section
          class="unnnic-radio"
          data-v-348024a5=""
          data-v-9f51b54f=""
          size="md"
        >
          <label
            class="unnnic-radio__input-wrapper"
            data-v-9f51b54f=""
          >
            <input
              class="unnnic-radio__input"
              data-v-9f51b54f=""
              name=""
              type="radio"
            />
            <p
              class="unnnic-radio__label"
              data-v-9f51b54f=""
            >
               
              
              Newer
              
            </p>
            <!---->
          </label>
        </section>
        <section
          class="unnnic-radio"
          data-v-348024a5=""
          data-v-9f51b54f=""
          size="md"
        >
          <label
            class="unnnic-radio__input-wrapper"
            data-v-9f51b54f=""
          >
            <input
              class="unnnic-radio__input"
              data-v-9f51b54f=""
              name=""
              type="radio"
            />
            <p
              class="unnnic-radio__label"
              data-v-9f51b54f=""
            >
               
              
              Older
              
            </p>
            <!---->
          </label>
        </section>
        
      </section>
    </div>
  </section>
  <section
    class="settings-view__sectors"
    data-v-1088b44f=""
  >
    <div
      buttonaction="() => {
      }"
      class="unnnic-card-blank unnnic-card-component sectors__new-sector-card sectors__new-sector-card"
      data-testid="settings-sectors-blank-card"
      data-v-1088b44f=""
      enabled="true"
      hasinformationicon="true"
      infoposition="right"
      percent="0"
      rating="0"
      scheme="aux-blue"
    >
      <div
        class="unnnic-card-blank__content"
      >
        <span
          class="unnnic-icon material-symbols-rounded unnnic-icon-scheme--neutral-clean unnnic-icon-size--xl unnnic-icon__size--xl unnnic-card-blank__content__icon"
          data-testid="material-icon"
          data-v-69390f82=""
          translate="no"
        >
          add
        </span>
        <div
          class="unnnic-card-blank__content__text"
        >
          New sector
        </div>
      </div>
    </div>
    
    
  </section>
  <!--v-if-->
  <!--v-if-->
  <!--v-if-->
  
  
</section>
`;
