// Vitest Snapshot v1, https://vitest.dev/guide/snapshot.html

exports[`SettingsProjectOptionsItem.vue > Without tooltip > should match the snapshot 1`] = `
<section
  class="project-options__item"
  data-v-0e9bc71d=""
>
  <div
    class="unnnic-switch"
    data-testid="settings-project-option-switch"
    data-v-0b325129=""
    data-v-0e9bc71d=""
  >
    <!---->
    <svg
      class="unnnic-icon unnnic-icon__size--md unnnic--clickable unnnic-icon-scheme--brand-weni unnnic-switch__icon active"
      data-v-0b325129=""
      data-v-930380cc=""
      data-v-fbb3af00=""
      disabled="false"
      height="40"
      id="default"
      viewBox="0 0 80 40"
      width="80"
      xmlns="http://www.w3.org/2000/svg"
    >
      <rect
        class="primary"
        data-v-fbb3af00=""
        height="35.8"
        rx="17.9"
        width="71.6"
        x="4.20013"
        y="2.10046"
      />
      <circle
        cx="22.5"
        cy="20.0005"
        data-v-fbb3af00=""
        fill="white"
        id="default-circle"
        r="12.5"
      />
    </svg>
    <div
      class="unnnic-switch__label unnnic-switch__label__right unnnic-switch__label__medium"
      data-v-0b325129=""
    >
      Option Name
    </div>
  </div>
  <div
    class="unnnic-tooltip"
    data-testid="settings-project-option-tooltip"
    data-v-0e9bc71d=""
    data-v-5e81b292=""
  >
    
    <span
      class="material-symbols-rounded unnnic-icon-scheme--neutral-soft unnnic-icon-size--sm material-symbols-rounded--filled"
      data-testid="settings-project-option-tooltip-icon"
      data-v-0e9bc71d=""
      data-v-930380cc=""
    >
      info
    </span>
    
    <span
      class="unnnic-tooltip-label unnnic-tooltip-label-right"
      data-v-5e81b292=""
      style="max-width: 20rem; left: 8px; top: 0px;"
    >
      
      
      This is a tooltip 
      <br
        data-v-5e81b292=""
      />
      
      
      <!---->
    </span>
  </div>
</section>
`;
