// Vitest Snapshot v1, https://vitest.dev/guide/snapshot.html

exports[`SettingsSectors.vue > Snapshot > should match the snapshot 1`] = `
<div
  data-v-app=""
>
  
  <div
    data-testid="settings-sectors-header"
    data-v-1088b44f=""
  />
  <section
    class="settings-sectors__filters"
    data-v-1088b44f=""
  >
    <input
      class="settings-sectors__filters__name"
      data-v-1088b44f=""
      value=""
    />
    <div
      data-testid="list-ordinator"
      data-v-1088b44f=""
    />
  </section>
  <section
    class="settings-view__sectors"
    data-v-1088b44f=""
  >
    <div
      class="sectors__new-sector-card"
      data-testid="settings-sectors-blank-card"
      data-v-1088b44f=""
    >
      
      
    </div>
    
    <div
      class="sectors__card"
      data-testid="settings-sectors-sector-card"
      data-v-1088b44f=""
    >
      
      <div
        data-v-1088b44f=""
      >
        
        
        
        
        
        <div
          class="unnnic-tooltip-trigger"
          data-grace-area-trigger=""
          data-state="closed"
          data-testid="tooltip-trigger"
          data-v-8fb03905=""
        >
          
          
          
          <button
            data-testid="open-dropdown-menu-button"
            data-v-1088b44f=""
          />
          
          
          
        </div>
        <div
          defer="false"
          disabled="false"
          forcemount="false"
        >
          
          
          <!---->
          
          
        </div>
        
        
        
        
        
        
        <div
          data-testid="dropdown-edit"
          data-v-1088b44f=""
        >
          
          <section
            class="dropdown-item-content"
            data-v-1088b44f=""
          >
            <span
              class="unnnic-icon material-symbols-rounded unnnic-icon-scheme--neutral-darkest unnnic-icon-size--sm unnnic-icon__size--sm icon"
              data-testid="material-icon"
              data-v-1088b44f=""
              data-v-69390f82=""
              translate="no"
            >
              edit_square
            </span>
            <p
              data-v-1088b44f=""
            >
              Edit
            </p>
          </section>
          
        </div>
        <div
          data-testid="dropdown-delete"
          data-v-1088b44f=""
        >
          
          <section
            class="dropdown-item-content dropdown-item-content__delete"
            data-v-1088b44f=""
          >
            <span
              class="unnnic-icon material-symbols-rounded unnnic-icon-scheme--danger unnnic-icon-size--sm unnnic-icon__size--sm icon"
              data-testid="material-icon"
              data-v-1088b44f=""
              data-v-69390f82=""
              translate="no"
            >
              delete
            </span>
            <p
              data-v-1088b44f=""
            >
              Exclude
            </p>
          </section>
          
        </div>
        
      </div>
      
    </div>
    <div
      class="sectors__card"
      data-testid="settings-sectors-sector-card"
      data-v-1088b44f=""
    >
      
      <div
        data-v-1088b44f=""
      >
        
        
        
        
        
        <div
          class="unnnic-tooltip-trigger"
          data-grace-area-trigger=""
          data-state="closed"
          data-testid="tooltip-trigger"
          data-v-8fb03905=""
        >
          
          
          
          <button
            data-testid="open-dropdown-menu-button"
            data-v-1088b44f=""
          />
          
          
          
        </div>
        <div
          defer="false"
          disabled="false"
          forcemount="false"
        >
          
          
          <!---->
          
          
        </div>
        
        
        
        
        
        
        <div
          data-testid="dropdown-edit"
          data-v-1088b44f=""
        >
          
          <section
            class="dropdown-item-content"
            data-v-1088b44f=""
          >
            <span
              class="unnnic-icon material-symbols-rounded unnnic-icon-scheme--neutral-darkest unnnic-icon-size--sm unnnic-icon__size--sm icon"
              data-testid="material-icon"
              data-v-1088b44f=""
              data-v-69390f82=""
              translate="no"
            >
              edit_square
            </span>
            <p
              data-v-1088b44f=""
            >
              Edit
            </p>
          </section>
          
        </div>
        <div
          data-testid="dropdown-delete"
          data-v-1088b44f=""
        >
          
          <section
            class="dropdown-item-content dropdown-item-content__delete"
            data-v-1088b44f=""
          >
            <span
              class="unnnic-icon material-symbols-rounded unnnic-icon-scheme--danger unnnic-icon-size--sm unnnic-icon__size--sm icon"
              data-testid="material-icon"
              data-v-1088b44f=""
              data-v-69390f82=""
              translate="no"
            >
              delete
            </span>
            <p
              data-v-1088b44f=""
            >
              Exclude
            </p>
          </section>
          
        </div>
        
      </div>
      
    </div>
    <div
      class="sectors__card"
      data-testid="settings-sectors-sector-card"
      data-v-1088b44f=""
    >
      
      <div
        data-v-1088b44f=""
      >
        
        
        
        
        
        <div
          class="unnnic-tooltip-trigger"
          data-grace-area-trigger=""
          data-state="closed"
          data-testid="tooltip-trigger"
          data-v-8fb03905=""
        >
          
          
          
          <button
            data-testid="open-dropdown-menu-button"
            data-v-1088b44f=""
          />
          
          
          
        </div>
        <div
          defer="false"
          disabled="false"
          forcemount="false"
        >
          
          
          <!---->
          
          
        </div>
        
        
        
        
        
        
        <div
          data-testid="dropdown-edit"
          data-v-1088b44f=""
        >
          
          <section
            class="dropdown-item-content"
            data-v-1088b44f=""
          >
            <span
              class="unnnic-icon material-symbols-rounded unnnic-icon-scheme--neutral-darkest unnnic-icon-size--sm unnnic-icon__size--sm icon"
              data-testid="material-icon"
              data-v-1088b44f=""
              data-v-69390f82=""
              translate="no"
            >
              edit_square
            </span>
            <p
              data-v-1088b44f=""
            >
              Edit
            </p>
          </section>
          
        </div>
        <div
          data-testid="dropdown-delete"
          data-v-1088b44f=""
        >
          
          <section
            class="dropdown-item-content dropdown-item-content__delete"
            data-v-1088b44f=""
          >
            <span
              class="unnnic-icon material-symbols-rounded unnnic-icon-scheme--danger unnnic-icon-size--sm unnnic-icon__size--sm icon"
              data-testid="material-icon"
              data-v-1088b44f=""
              data-v-69390f82=""
              translate="no"
            >
              delete
            </span>
            <p
              data-v-1088b44f=""
            >
              Exclude
            </p>
          </section>
          
        </div>
        
      </div>
      
    </div>
    
  </section>
  <!--v-if-->
  <!--v-if-->
  <!--v-if-->
  
</div>
`;
