// Vitest Snapshot v1, https://vitest.dev/guide/snapshot.html

exports[`SettingsSectionHeader.vue > With subtitle > should match the snapshot 1`] = `
<header
  class="settings-view__section-header"
  data-v-f23b63f9=""
>
  <p
    class="section-header__title"
    data-testid="section-header-title"
    data-v-f23b63f9=""
  >
    Section Title
  </p>
  <p
    class="section-header__subtitle"
    data-testid="section-header-subtitle"
    data-v-f23b63f9=""
  >
    Section Subtitle
  </p>
</header>
`;
