// Vitest Snapshot v1, https://vitest.dev/guide/snapshot.html

exports[`SettingsHeader.vue > Should match the snapshot 1`] = `
<header
  class="settings-view__header"
  data-v-a59c663f=""
>
  <h1
    class="header__title"
    data-testid="settings-view-header-title"
    data-v-a59c663f=""
  >
    Human Support Settings
  </h1>
</header>
`;
