// Vitest Snapshot v1, https://vitest.dev/guide/snapshot.html

exports[`RoomsListLoading.vue > to match snapshot 1`] = `
"<div data-v-e8ef6379="" class="rooms-list-loading">
  <div data-v-e8ef6379="" class="rooms-list-loading__room-list">
    <header data-v-e8ef6379=""><span data-v-e8ef6379=""><span class="unnnic-skeleton" style="--skeleton-bg: #E0E0E0; --skeleton-highlight: #F5F5F5; --skeleton-duration: 2s;"> ‌ </span></span><span data-v-e8ef6379=""><span class="unnnic-skeleton" style="--skeleton-bg: #E0E0E0; --skeleton-highlight: #F5F5F5; --skeleton-duration: 2s; height: 22px;"> ‌ </span></span></header>
    <main data-v-e8ef6379="">
      <ul data-v-e8ef6379="" class="rooms-list-loading__room-group">
        <li data-v-e8ef6379="" class="rooms-list-loading__room"><span data-v-e8ef6379=""><span class="unnnic-skeleton" style="--skeleton-bg: #E0E0E0; --skeleton-highlight: #F5F5F5; --skeleton-duration: 2s; height: 40px;"> ‌ </span></span>
          <div data-v-e8ef6379="" class="rooms-list-loading__room__infos"><span data-v-e8ef6379=""><span class="unnnic-skeleton" style="--skeleton-bg: #E0E0E0; --skeleton-highlight: #F5F5F5; --skeleton-duration: 2s;"> ‌ </span></span><span data-v-e8ef6379=""><span class="unnnic-skeleton" style="--skeleton-bg: #E0E0E0; --skeleton-highlight: #F5F5F5; --skeleton-duration: 2s;"> ‌ </span></span></div><span data-v-e8ef6379=""><span class="unnnic-skeleton" style="--skeleton-bg: #E0E0E0; --skeleton-highlight: #F5F5F5; --skeleton-duration: 2s; height: 20px;"> ‌ </span></span>
        </li>
        <li data-v-e8ef6379="" class="rooms-list-loading__room"><span data-v-e8ef6379=""><span class="unnnic-skeleton" style="--skeleton-bg: #E0E0E0; --skeleton-highlight: #F5F5F5; --skeleton-duration: 2s; height: 40px;"> ‌ </span></span>
          <div data-v-e8ef6379="" class="rooms-list-loading__room__infos"><span data-v-e8ef6379=""><span class="unnnic-skeleton" style="--skeleton-bg: #E0E0E0; --skeleton-highlight: #F5F5F5; --skeleton-duration: 2s;"> ‌ </span></span><span data-v-e8ef6379=""><span class="unnnic-skeleton" style="--skeleton-bg: #E0E0E0; --skeleton-highlight: #F5F5F5; --skeleton-duration: 2s;"> ‌ </span></span></div><span data-v-e8ef6379=""><span class="unnnic-skeleton" style="--skeleton-bg: #E0E0E0; --skeleton-highlight: #F5F5F5; --skeleton-duration: 2s; height: 20px;"> ‌ </span></span>
        </li>
      </ul>
    </main>
  </div>
  <div data-v-e8ef6379="" class="rooms-list-loading__room-list">
    <header data-v-e8ef6379=""><span data-v-e8ef6379=""><span class="unnnic-skeleton" style="--skeleton-bg: #E0E0E0; --skeleton-highlight: #F5F5F5; --skeleton-duration: 2s;"> ‌ </span></span><span data-v-e8ef6379=""><span class="unnnic-skeleton" style="--skeleton-bg: #E0E0E0; --skeleton-highlight: #F5F5F5; --skeleton-duration: 2s; height: 22px;"> ‌ </span></span></header>
    <main data-v-e8ef6379="">
      <ul data-v-e8ef6379="" class="rooms-list-loading__room-group">
        <li data-v-e8ef6379="" class="rooms-list-loading__room"><span data-v-e8ef6379=""><span class="unnnic-skeleton" style="--skeleton-bg: #E0E0E0; --skeleton-highlight: #F5F5F5; --skeleton-duration: 2s; height: 40px;"> ‌ </span></span>
          <div data-v-e8ef6379="" class="rooms-list-loading__room__infos"><span data-v-e8ef6379=""><span class="unnnic-skeleton" style="--skeleton-bg: #E0E0E0; --skeleton-highlight: #F5F5F5; --skeleton-duration: 2s;"> ‌ </span></span><span data-v-e8ef6379=""><span class="unnnic-skeleton" style="--skeleton-bg: #E0E0E0; --skeleton-highlight: #F5F5F5; --skeleton-duration: 2s;"> ‌ </span></span></div><span data-v-e8ef6379=""><span class="unnnic-skeleton" style="--skeleton-bg: #E0E0E0; --skeleton-highlight: #F5F5F5; --skeleton-duration: 2s; height: 20px;"> ‌ </span></span>
        </li>
        <li data-v-e8ef6379="" class="rooms-list-loading__room"><span data-v-e8ef6379=""><span class="unnnic-skeleton" style="--skeleton-bg: #E0E0E0; --skeleton-highlight: #F5F5F5; --skeleton-duration: 2s; height: 40px;"> ‌ </span></span>
          <div data-v-e8ef6379="" class="rooms-list-loading__room__infos"><span data-v-e8ef6379=""><span class="unnnic-skeleton" style="--skeleton-bg: #E0E0E0; --skeleton-highlight: #F5F5F5; --skeleton-duration: 2s;"> ‌ </span></span><span data-v-e8ef6379=""><span class="unnnic-skeleton" style="--skeleton-bg: #E0E0E0; --skeleton-highlight: #F5F5F5; --skeleton-duration: 2s;"> ‌ </span></span></div><span data-v-e8ef6379=""><span class="unnnic-skeleton" style="--skeleton-bg: #E0E0E0; --skeleton-highlight: #F5F5F5; --skeleton-duration: 2s; height: 20px;"> ‌ </span></span>
        </li>
      </ul>
    </main>
  </div>
</div>"
`;
