// Vitest Snapshot v1, https://vitest.dev/guide/snapshot.html

exports[`ViewModeHeader > Snapshot > should match snapshot 1`] = `
<header
  class="view-mode__header"
  data-testid="view-mode-header"
  data-v-d329e103=""
>
  <h1
    class="title"
    data-testid="header-title"
    data-v-d329e103=""
  >
    <span
      data-icon="visibility"
      data-testid="visibility-icon"
      data-v-d329e103=""
    />
     dashboard.view-mode.title_Test User
  </h1>
  <div
    class="close-button"
    data-testid="close-button"
    data-v-d329e103=""
  >
    <div
      data-v-d329e103=""
    >
      
      <span
        data-icon="close-1"
        data-testid="close-icon"
        data-v-d329e103=""
      />
      
    </div>
  </div>
</header>
`;
