// Vitest Snapshot v1, https://vitest.dev/guide/snapshot.html

exports[`FooterButton > Snapshot > should match snapshot 1`] = `
<section
  class="chats-layout-footer-button"
  data-testid="footer-button-container"
  data-v-944d9ccc=""
>
  <section
    class="chats-layout-footer-button__bulk-transfer"
    data-testid="bulk-transfer-section"
    data-v-944d9ccc=""
  >
    <!--v-if-->
    <!--v-if-->
    <!--v-if-->
    <!--v-if-->
  </section>
</section>
`;
