// Vitest Snapshot v1, https://vitest.dev/guide/snapshot.html

exports[`ClosedChatsHeaderLoading.vue > to match snapshot 1`] = `
"<header data-v-aa2d7ba8="" class="closed-chats-header-loading">
  <section data-v-aa2d7ba8="" class="closed-chats-header-loading__topbar">
    <div data-v-aa2d7ba8="" class="closed-chats-header-loading__topbar__breadcrumbs"><span data-v-aa2d7ba8=""><span class="unnnic-skeleton" style="--skeleton-bg: #E0E0E0; --skeleton-highlight: #F5F5F5; --skeleton-duration: 2s;"> ‌ </span></span><span data-v-aa2d7ba8=""><span class="unnnic-skeleton" style="--skeleton-bg: #E0E0E0; --skeleton-highlight: #F5F5F5; --skeleton-duration: 2s;"> ‌ </span></span><span data-v-aa2d7ba8=""><span class="unnnic-skeleton" style="--skeleton-bg: #E0E0E0; --skeleton-highlight: #F5F5F5; --skeleton-duration: 2s;"> ‌ </span></span></div><span data-v-aa2d7ba8=""><span class="unnnic-skeleton" style="--skeleton-bg: #E0E0E0; --skeleton-highlight: #F5F5F5; --skeleton-duration: 2s;"> ‌ </span></span>
  </section>
  <section data-v-aa2d7ba8="" class="closed-chats-header-loading__infos">
    <div data-v-aa2d7ba8=""><span class="unnnic-skeleton" style="--skeleton-bg: #E0E0E0; --skeleton-highlight: #F5F5F5; --skeleton-duration: 2s;"> ‌ </span></div>
    <section data-v-aa2d7ba8="" class="closed-chats-header-loading__infos__title">
      <div data-v-aa2d7ba8=""><span class="unnnic-skeleton" style="--skeleton-bg: #E0E0E0; --skeleton-highlight: #F5F5F5; --skeleton-duration: 2s;"> ‌ </span></div>
      <div data-v-aa2d7ba8=""><span class="unnnic-skeleton" style="--skeleton-bg: #E0E0E0; --skeleton-highlight: #F5F5F5; --skeleton-duration: 2s;"> ‌ </span></div>
    </section>
  </section>
</header>"
`;
