// Vitest Snapshot v1, https://vitest.dev/guide/snapshot.html

exports[`RoomsTableFiltersLoading.vue > to match snapshot 1`] = `
"<section data-v-7a440bf8="" class="rooms-table-filters-loading">
  <div data-v-7a440bf8="" class="rooms-table-filters-loading__filter"><span data-v-7a440bf8=""><span class="unnnic-skeleton" style="background-color: rgb(232, 244, 244); animation: SkeletonLoading 1.5s ease-in-out infinite;"> ‌ </span></span><span data-v-7a440bf8=""><span class="unnnic-skeleton" style="background-color: rgb(232, 244, 244); animation: SkeletonLoading 1.5s ease-in-out infinite;"> ‌ </span></span></div>
  <div data-v-7a440bf8="" class="rooms-table-filters-loading__filter"><span data-v-7a440bf8=""><span class="unnnic-skeleton" style="background-color: rgb(232, 244, 244); animation: SkeletonLoading 1.5s ease-in-out infinite;"> ‌ </span></span><span data-v-7a440bf8=""><span class="unnnic-skeleton" style="background-color: rgb(232, 244, 244); animation: SkeletonLoading 1.5s ease-in-out infinite;"> ‌ </span></span></div>
  <div data-v-7a440bf8="" class="rooms-table-filters-loading__filter"><span data-v-7a440bf8=""><span class="unnnic-skeleton" style="background-color: rgb(232, 244, 244); animation: SkeletonLoading 1.5s ease-in-out infinite;"> ‌ </span></span><span data-v-7a440bf8=""><span class="unnnic-skeleton" style="background-color: rgb(232, 244, 244); animation: SkeletonLoading 1.5s ease-in-out infinite;"> ‌ </span></span></div>
  <div data-v-7a440bf8="" class="rooms-table-filters-loading__filter"><span data-v-7a440bf8=""><span class="unnnic-skeleton" style="background-color: rgb(232, 244, 244); animation: SkeletonLoading 1.5s ease-in-out infinite;"> ‌ </span></span><span data-v-7a440bf8=""><span class="unnnic-skeleton" style="background-color: rgb(232, 244, 244); animation: SkeletonLoading 1.5s ease-in-out infinite;"> ‌ </span></span></div><span data-v-7a440bf8="" class="rooms-table-filters-loading__clear"><span class="unnnic-skeleton" style="background-color: rgb(232, 244, 244); animation: SkeletonLoading 1.5s ease-in-out infinite;"> ‌ </span></span>
</section>"
`;
