// Vitest Snapshot v1, https://vitest.dev/guide/snapshot.html

exports[`RoomsTableFiltersLoading.vue > to match snapshot 1`] = `
"<section data-v-7a440bf8="" class="rooms-table-filters-loading">
  <div data-v-7a440bf8="" class="rooms-table-filters-loading__filter"><span data-v-7a440bf8=""><span class="unnnic-skeleton" style="--skeleton-bg: #E0E0E0; --skeleton-highlight: #F5F5F5; --skeleton-duration: 2s;"> ‌ </span></span><span data-v-7a440bf8=""><span class="unnnic-skeleton" style="--skeleton-bg: #E0E0E0; --skeleton-highlight: #F5F5F5; --skeleton-duration: 2s;"> ‌ </span></span></div>
  <div data-v-7a440bf8="" class="rooms-table-filters-loading__filter"><span data-v-7a440bf8=""><span class="unnnic-skeleton" style="--skeleton-bg: #E0E0E0; --skeleton-highlight: #F5F5F5; --skeleton-duration: 2s;"> ‌ </span></span><span data-v-7a440bf8=""><span class="unnnic-skeleton" style="--skeleton-bg: #E0E0E0; --skeleton-highlight: #F5F5F5; --skeleton-duration: 2s;"> ‌ </span></span></div>
  <div data-v-7a440bf8="" class="rooms-table-filters-loading__filter"><span data-v-7a440bf8=""><span class="unnnic-skeleton" style="--skeleton-bg: #E0E0E0; --skeleton-highlight: #F5F5F5; --skeleton-duration: 2s;"> ‌ </span></span><span data-v-7a440bf8=""><span class="unnnic-skeleton" style="--skeleton-bg: #E0E0E0; --skeleton-highlight: #F5F5F5; --skeleton-duration: 2s;"> ‌ </span></span></div>
  <div data-v-7a440bf8="" class="rooms-table-filters-loading__filter"><span data-v-7a440bf8=""><span class="unnnic-skeleton" style="--skeleton-bg: #E0E0E0; --skeleton-highlight: #F5F5F5; --skeleton-duration: 2s;"> ‌ </span></span><span data-v-7a440bf8=""><span class="unnnic-skeleton" style="--skeleton-bg: #E0E0E0; --skeleton-highlight: #F5F5F5; --skeleton-duration: 2s;"> ‌ </span></span></div><span data-v-7a440bf8="" class="rooms-table-filters-loading__clear"><span class="unnnic-skeleton" style="--skeleton-bg: #E0E0E0; --skeleton-highlight: #F5F5F5; --skeleton-duration: 2s;"> ‌ </span></span>
</section>"
`;
