// Vitest Snapshot v1, https://vitest.dev/guide/snapshot.html

exports[`FlowsContactsLoading.vue > to match snapshot 1`] = `
"<section data-v-2da6e388="" class="flows-contacts-loading">
  <header data-v-2da6e388=""><span data-v-2da6e388=""><span class="unnnic-skeleton" style="--skeleton-bg: #E0E0E0; --skeleton-highlight: #F5F5F5; --skeleton-duration: 2s;"> ‌ </span></span><span data-v-2da6e388=""><span class="unnnic-skeleton" style="--skeleton-bg: #E0E0E0; --skeleton-highlight: #F5F5F5; --skeleton-duration: 2s; height: 22px;"> ‌ </span></span></header>
  <main data-v-2da6e388="">
    <ul data-v-2da6e388="" class="flows-contacts-loading__room-group">
      <li data-v-2da6e388="" class="flows-contacts-loading__room"><span data-v-2da6e388=""><span class="unnnic-skeleton" style="--skeleton-bg: #E0E0E0; --skeleton-highlight: #F5F5F5; --skeleton-duration: 2s; height: 40px;"> ‌ </span></span>
        <div data-v-2da6e388="" class="flows-contacts-loading__room__infos"><span data-v-2da6e388=""><span class="unnnic-skeleton" style="--skeleton-bg: #E0E0E0; --skeleton-highlight: #F5F5F5; --skeleton-duration: 2s;"> ‌ </span></span><span data-v-2da6e388=""><span class="unnnic-skeleton" style="--skeleton-bg: #E0E0E0; --skeleton-highlight: #F5F5F5; --skeleton-duration: 2s;"> ‌ </span></span></div>
      </li>
      <li data-v-2da6e388="" class="flows-contacts-loading__room"><span data-v-2da6e388=""><span class="unnnic-skeleton" style="--skeleton-bg: #E0E0E0; --skeleton-highlight: #F5F5F5; --skeleton-duration: 2s; height: 40px;"> ‌ </span></span>
        <div data-v-2da6e388="" class="flows-contacts-loading__room__infos"><span data-v-2da6e388=""><span class="unnnic-skeleton" style="--skeleton-bg: #E0E0E0; --skeleton-highlight: #F5F5F5; --skeleton-duration: 2s;"> ‌ </span></span><span data-v-2da6e388=""><span class="unnnic-skeleton" style="--skeleton-bg: #E0E0E0; --skeleton-highlight: #F5F5F5; --skeleton-duration: 2s;"> ‌ </span></span></div>
      </li>
      <li data-v-2da6e388="" class="flows-contacts-loading__room"><span data-v-2da6e388=""><span class="unnnic-skeleton" style="--skeleton-bg: #E0E0E0; --skeleton-highlight: #F5F5F5; --skeleton-duration: 2s; height: 40px;"> ‌ </span></span>
        <div data-v-2da6e388="" class="flows-contacts-loading__room__infos"><span data-v-2da6e388=""><span class="unnnic-skeleton" style="--skeleton-bg: #E0E0E0; --skeleton-highlight: #F5F5F5; --skeleton-duration: 2s;"> ‌ </span></span><span data-v-2da6e388=""><span class="unnnic-skeleton" style="--skeleton-bg: #E0E0E0; --skeleton-highlight: #F5F5F5; --skeleton-duration: 2s;"> ‌ </span></span></div>
      </li>
      <li data-v-2da6e388="" class="flows-contacts-loading__room"><span data-v-2da6e388=""><span class="unnnic-skeleton" style="--skeleton-bg: #E0E0E0; --skeleton-highlight: #F5F5F5; --skeleton-duration: 2s; height: 40px;"> ‌ </span></span>
        <div data-v-2da6e388="" class="flows-contacts-loading__room__infos"><span data-v-2da6e388=""><span class="unnnic-skeleton" style="--skeleton-bg: #E0E0E0; --skeleton-highlight: #F5F5F5; --skeleton-duration: 2s;"> ‌ </span></span><span data-v-2da6e388=""><span class="unnnic-skeleton" style="--skeleton-bg: #E0E0E0; --skeleton-highlight: #F5F5F5; --skeleton-duration: 2s;"> ‌ </span></span></div>
      </li>
    </ul>
  </main>
</section>"
`;
