// Vitest Snapshot v1, https://vitest.dev/guide/snapshot.html

exports[`ViewButton > Snapshot > should match the snapshot 1`] = `
<button
  class="view-button"
  data-icon-right="expand_more"
  data-testid="header-btn"
  data-type="tertiary"
  data-v-905ee5f6=""
>
  
  <span
    class="view-button__label"
    data-v-905ee5f6=""
  >
    <span
      class="view-button__text"
      data-testid="header-text"
      data-v-905ee5f6=""
    >
      view-option
    </span>
    <span
      class="view-button__new-badge"
      data-testid="header-new-badge"
      data-text="view_options.new_badge"
      data-v-905ee5f6=""
    />
  </span>
  
</button>
`;
