// Vitest Snapshot v1, https://vitest.dev/guide/snapshot.html

exports[`ViewButton > Snapshot > should match the snapshot 1`] = `
<section
  class="view-button-content"
  data-v-905ee5f6=""
>
  <button
    class="view-button"
    data-testid="header-btn"
    data-v-905ee5f6=""
    size="small"
    type="submit"
  >
    
    <p
      class="view-button__text"
      data-testid="header-text"
      data-v-905ee5f6=""
    >
      view-option
    </p>
    <span
      data-icon="expand_more"
      data-testid="header-icon-expand"
      data-v-905ee5f6=""
      scheme="neutral-darkest"
      size="md"
    />
    
  </button>
</section>
`;
