// Vitest Snapshot v1, https://vitest.dev/guide/snapshot.html

exports[`ViewOptions > Snapshot > should match the snapshot 1`] = `
<div
  data-v-app=""
>
  
  <footer
    class="chats-layout-footer"
    data-v-2df0aa29=""
  >
    <section
      class="view-button-content"
      data-testid="view-btn"
      data-v-2df0aa29=""
      data-v-905ee5f6=""
    >
      <button
        class="view-button"
        data-testid="header-btn"
        data-v-905ee5f6=""
        size="large"
        type="submit"
      >
        
        <p
          class="view-button__text"
          data-testid="header-text"
          data-v-905ee5f6=""
        >
          view-option
        </p>
        <span
          class="unnnic-icon material-symbols-rounded unnnic-icon-scheme--neutral-darkest unnnic-icon-size--md unnnic-icon__size--md"
          data-testid="header-icon-expand"
          data-v-62451e85=""
          data-v-905ee5f6=""
          translate="no"
        >
          expand_less
        </span>
        
      </button>
    </section>
  </footer>
  <teleport-stub
    data-testid="teleport-body"
    data-v-2df0aa29=""
    to="body"
  >
    <transition-stub
      appear="false"
      css="true"
      data-v-2df0aa29=""
      name="expand"
      persisted="false"
    >
      <!--v-if-->
    </transition-stub>
  </teleport-stub>
  
</div>
`;
