// Vitest Snapshot v1, https://vitest.dev/guide/snapshot.html

exports[`ViewOptions > Snapshot > should match the snapshot 1`] = `
<div
  data-v-app=""
>
  
  <footer
    class="chats-layout-footer"
    data-v-2df0aa29=""
  >
    <section
      class="view-button-content"
      data-testid="view-btn"
      data-v-2df0aa29=""
      data-v-905ee5f6=""
    >
      <button
        class="view-button"
        data-testid="header-btn"
        data-v-905ee5f6=""
        size="large"
        type="submit"
      >
        
        <p
          class="view-button__text"
          data-testid="header-text"
          data-v-905ee5f6=""
        >
          view-option
        </p>
        <span
          class="material-symbols-rounded unnnic-icon-scheme--neutral-darkest unnnic-icon-size--md"
          data-testid="header-icon-expand"
          data-v-76ceda5d=""
          data-v-905ee5f6=""
          translate="no"
        >
          expand_less
        </span>
        
      </button>
    </section>
  </footer>
  <teleport-stub
    data-testid="teleport-body"
    data-v-2df0aa29=""
    to="body"
  >
    <!--v-if-->
    <section
      class="chats-layout-drawer"
      data-testid="drawer"
      data-v-2df0aa29=""
    >
      <section
        class="view-button-content"
        data-testid="view-btn-drawer"
        data-v-2df0aa29=""
        data-v-905ee5f6=""
      >
        <button
          class="view-button"
          data-testid="header-btn"
          data-v-905ee5f6=""
          size="large"
          type="submit"
        >
          
          <p
            class="view-button__text"
            data-testid="header-text"
            data-v-905ee5f6=""
          >
            view-option
          </p>
          <span
            class="material-symbols-rounded unnnic-icon-scheme--neutral-darkest unnnic-icon-size--md"
            data-testid="header-icon-expand"
            data-v-76ceda5d=""
            data-v-905ee5f6=""
            translate="no"
          >
            expand_less
          </span>
          
        </button>
      </section>
      <section
        class="chats-layout-drawer__options"
        data-v-2df0aa29=""
      >
        <section
          class="chats-layout-drawer__option"
          data-v-2df0aa29=""
        >
          <input
            data-testid="switch-sound"
            data-v-2df0aa29=""
            modelvalue="true"
            textright="preferences.notifications.sound"
            type="checkbox"
          />
        </section>
        <section
          class="chats-layout-drawer__option"
          data-v-2df0aa29=""
        >
          <button
            data-testid="show-flows-trigger"
            data-v-2df0aa29=""
            iconleft="send"
            size="small"
            text="flows"
            type="submit"
          >
            
            
          </button>
        </section>
        <section
          class="chats-layout-drawer__option"
          data-v-2df0aa29=""
        >
          <button
            data-testid="show-quick-messages"
            data-v-2df0aa29=""
            iconleft="bolt"
            size="small"
            text="quick_messages.title"
            type="submit"
          >
            
            
          </button>
        </section>
        <section
          class="chats-layout-drawer__option"
          data-v-2df0aa29=""
        >
          <button
            data-testid="show-dashboard"
            data-v-2df0aa29=""
            iconleft="bar_chart_4_bars"
            size="small"
            text="Dashboard"
            type="submit"
          >
            
            
          </button>
        </section>
        <section
          class="chats-layout-drawer__option"
          data-v-2df0aa29=""
        >
          <button
            class="chats-layout-drawer__button"
            data-testid="show-see_history"
            data-v-2df0aa29=""
            iconleft="history"
            size="small"
            text="chats.see_history"
            type="submit"
          >
            
            
          </button>
        </section>
      </section>
    </section>
  </teleport-stub>
  
</div>
`;
